
> bbcc-website@0.1.0 test:a11y /home/agent/workspace
> playwright test

TAP version 13
# Subtest: Project schema
    # Subtest: should accept a complete project object
    ok 1 - should accept a complete project object
      ---
      duration_ms: 1.269253
      ...
    # Subtest: should reject missing tag
    ok 2 - should reject missing tag
      ---
      duration_ms: 0.779043
      ...
    # Subtest: should reject missing tagColour
    ok 3 - should reject missing tagColour
      ---
      duration_ms: 0.153709
      ...
    # Subtest: should reject missing tagBgColour
    ok 4 - should reject missing tagBgColour
      ---
      duration_ms: 0.301043
      ...
    # Subtest: should reject missing borderColour
    ok 5 - should reject missing borderColour
      ---
      duration_ms: 0.11325
      ...
    # Subtest: should reject missing title
    ok 6 - should reject missing title
      ---
      duration_ms: 0.124542
      ...
    # Subtest: should reject missing summary
    ok 7 - should reject missing summary
      ---
      duration_ms: 0.205334
      ...
    # Subtest: should reject missing details
    ok 8 - should reject missing details
      ---
      duration_ms: 0.178542
      ...
    # Subtest: should reject missing order
    ok 9 - should reject missing order
      ---
      duration_ms: 0.376501
      ...
    # Subtest: should reject non-string title
    ok 10 - should reject non-string title
      ---
      duration_ms: 0.546418
      ...
    # Subtest: should reject non-numeric order
    ok 11 - should reject non-numeric order
      ---
      duration_ms: 0.111417
      ...
    1..11
ok 1 - Project schema
  ---
  duration_ms: 5.014843
  type: 'suite'
  ...
# Subtest: Site schema
    # Subtest: should accept a complete site object
    ok 1 - should accept a complete site object
      ---
      duration_ms: 0.543543
      ...
    # Subtest: should accept site object with optional animation fields
    ok 2 - should accept site object with optional animation fields
      ---
      duration_ms: 0.161709
      ...
    # Subtest: should reject missing stats
    ok 3 - should reject missing stats
      ---
      duration_ms: 0.084667
      ...
    # Subtest: should reject missing boundaryDescription
    ok 4 - should reject missing boundaryDescription
      ---
      duration_ms: 0.085042
      ...
    # Subtest: should reject missing contactEmail
    ok 5 - should reject missing contactEmail
      ---
      duration_ms: 0.073625
      ...
    # Subtest: should reject invalid email format
    ok 6 - should reject invalid email format
      ---
      duration_ms: 0.118042
      ...
    # Subtest: should reject non-array stats
    ok 7 - should reject non-array stats
      ---
      duration_ms: 0.063792
      ...
    # Subtest: should reject stat object missing value
    ok 8 - should reject stat object missing value
      ---
      duration_ms: 0.085791
      ...
    # Subtest: should reject stat object missing label
    ok 9 - should reject stat object missing label
      ---
      duration_ms: 0.091958
      ...
    # Subtest: should reject stat object missing desc
    ok 10 - should reject stat object missing desc
      ---
      duration_ms: 0.192542
      ...
    1..10
ok 2 - Site schema
  ---
  duration_ms: 1.698295
  type: 'suite'
  ...
# Subtest: Decap CMS vendor setup
    # Subtest: should have a public/admin/ directory
    ok 1 - should have a public/admin/ directory
      ---
      duration_ms: 0.303501
      ...
    # Subtest: should have public/admin/index.html
    ok 2 - should have public/admin/index.html
      ---
      duration_ms: 0.161125
      ...
    # Subtest: should not reference any external CDN URLs in index.html
    ok 3 - should not reference any external CDN URLs in index.html
      ---
      duration_ms: 0.392251
      ...
    # Subtest: should load decap-cms.js from a relative path using ./decap-cms.js
    ok 4 - should load decap-cms.js from a relative path using ./decap-cms.js
      ---
      duration_ms: 0.294251
      ...
    # Subtest: should have decap-cms-app as a dependency in package.json
    ok 5 - should have decap-cms-app as a dependency in package.json
      ---
      duration_ms: 0.423918
      ...
    # Subtest: should pin decap-cms-app at version 3.11.0
    ok 6 - should pin decap-cms-app at version 3.11.0
      ---
      duration_ms: 0.37746
      ...
    # Subtest: should have a prebuild script in package.json that vendors decap-cms.js
    ok 7 - should have a prebuild script in package.json that vendors decap-cms.js
      ---
      duration_ms: 0.301375
      ...
    # Subtest: should have public/admin/decap-cms.js listed in .gitignore
    ok 8 - should have public/admin/decap-cms.js listed in .gitignore
      ---
      duration_ms: 0.363667
      ...
    1..8
ok 3 - Decap CMS vendor setup
  ---
  duration_ms: 2.811089
  type: 'suite'
  ...
# Subtest: Decap CMS config.yml
    # Subtest: should have a public/admin/config.yml file
    ok 1 - should have a public/admin/config.yml file
      ---
      duration_ms: 0.26375
      ...
    # Subtest: should use git-gateway backend
    ok 2 - should use git-gateway backend
      ---
      duration_ms: 0.572959
      ...
    # Subtest: should set repo to bbcc-glasgow/website
    ok 3 - should set repo to bbcc-glasgow/website
      ---
      duration_ms: 0.461251
      ...
    # Subtest: should set branch to main
    ok 4 - should set branch to main
      ---
      duration_ms: 0.320209
      ...
    # Subtest: should set auth_type to pkce
    ok 5 - should set auth_type to pkce
      ---
      duration_ms: 0.267417
      ...
    # Subtest: should set base_url to https://auth.decapbridge.com
    ok 6 - should set base_url to https://auth.decapbridge.com
      ---
      duration_ms: 0.323418
      ...
    # Subtest: should set auth_endpoint with the DecapBridge site ID
    ok 7 - should set auth_endpoint with the DecapBridge site ID
      ---
      duration_ms: 0.332292
      ...
    # Subtest: should set auth_token_endpoint with the DecapBridge site ID
    ok 8 - should set auth_token_endpoint with the DecapBridge site ID
      ---
      duration_ms: 0.290459
      ...
    # Subtest: should set gateway_url to https://gateway.decapbridge.com
    ok 9 - should set gateway_url to https://gateway.decapbridge.com
      ---
      duration_ms: 0.290626
      ...
    # Subtest: should not contain PLACEHOLDER_SITE_ID (site is already registered)
    ok 10 - should not contain PLACEHOLDER_SITE_ID (site is already registered)
      ---
      duration_ms: 0.281876
      ...
    # Subtest: should include commit_messages section in backend
    ok 11 - should include commit_messages section in backend
      ---
      duration_ms: 0.338501
      ...
    # Subtest: should have an auth section
    ok 12 - should have an auth section
      ---
      duration_ms: 0.339917
      ...
    # Subtest: should set email_claim in auth section
    ok 13 - should set email_claim in auth section
      ---
      duration_ms: 0.332792
      ...
    # Subtest: should set first_name_claim in auth section
    ok 14 - should set first_name_claim in auth section
      ---
      duration_ms: 0.284418
      ...
    # Subtest: should set last_name_claim in auth section
    ok 15 - should set last_name_claim in auth section
      ---
      duration_ms: 0.282834
      ...
    # Subtest: should set avatar_url_claim in auth section
    ok 16 - should set avatar_url_claim in auth section
      ---
      duration_ms: 0.273001
      ...
    # Subtest: should set logo_url to the DecapBridge logo
    ok 17 - should set logo_url to the DecapBridge logo
      ---
      duration_ms: 0.296959
      ...
    # Subtest: should set site_url to https://bbcc.scot
    ok 18 - should set site_url to https://bbcc.scot
      ---
      duration_ms: 0.294084
      ...
    # Subtest: should set publish_mode to editorial_workflow
    ok 19 - should set publish_mode to editorial_workflow
      ---
      duration_ms: 0.31625
      ...
    # Subtest: should set media_folder to public/images
    ok 20 - should set media_folder to public/images
      ---
      duration_ms: 0.338334
      ...
    # Subtest: should set public_folder to /images
    ok 21 - should set public_folder to /images
      ---
      duration_ms: 0.298834
      ...
    # Subtest: should have a projects collection with folder at src/content/projects
    ok 22 - should have a projects collection with folder at src/content/projects
      ---
      duration_ms: 0.612002
      ...
    # Subtest: should have a projects collection with fields matching the \#4 schema
    ok 23 - should have a projects collection with fields matching the \#4 schema
      ---
      duration_ms: 0.491418
      ...
    # Subtest: should have a site collection with file at src/content/site/index.json
    ok 24 - should have a site collection with file at src/content/site/index.json
      ---
      duration_ms: 0.340334
      ...
    # Subtest: should have a site collection with fields matching the \#4 schema
    ok 25 - should have a site collection with fields matching the \#4 schema
      ---
      duration_ms: 0.537626
      ...
    1..25
ok 4 - Decap CMS config.yml
  ---
  duration_ms: 9.20881
  type: 'suite'
  ...
# Subtest: .gitignore sandcastle configuration
    # Subtest: should list .sandcastle/ in .gitignore
    ok 1 - should list .sandcastle/ in .gitignore
      ---
      duration_ms: 0.406668
      ...
    # Subtest: should have no tracked files under .sandcastle/
    ok 2 - should have no tracked files under .sandcastle/
      ---
      duration_ms: 6.760514
      ...
    # Subtest: should keep .sandcastle/round-logs/ files on disk
    not ok 3 - should keep .sandcastle/round-logs/ files on disk
      ---
      duration_ms: 2.397213
      location: '/home/agent/workspace/tests/gitignore.test.ts:23:3'
      failureType: 'testCodeFailure'
      error: '.sandcastle/round-logs/ must still exist on disk after untracking'
      code: 'ERR_ASSERTION'
      name: 'AssertionError'
      expected: true
      actual: false
      operator: '=='
      stack: |-
        TestContext.<anonymous> (file:///home/agent/workspace/tests/gitignore.test.ts:34:12)
        Test.runInAsyncScope (node:async_hooks:211:14)
        Test.run (node:internal/test_runner/test:934:25)
        Suite.processPendingSubtests (node:internal/test_runner/test:633:18)
        Test.postRun (node:internal/test_runner/test:1045:19)
        Test.run (node:internal/test_runner/test:973:12)
        Suite.processPendingSubtests (node:internal/test_runner/test:633:7)
      ...
    1..3
not ok 5 - .gitignore sandcastle configuration
  ---
  duration_ms: 9.718228
  type: 'suite'
  location: '/home/agent/workspace/tests/gitignore.test.ts:8:1'
  failureType: 'subtestsFailed'
  error: '1 subtest failed'
  code: 'ERR_TEST_FAILURE'
  ...

Running 4 tests using 3 workers

  ✓  2 a11y.spec.ts:12:3 › accessibility › dist contains at least one page (7ms)
  ✓  1 a11y.spec.ts:17:5 › accessibility › axe scan: /holding/ (602ms)
  ✓  3 a11y.spec.ts:17:5 › accessibility › axe scan: / (951ms)
  ✓  4 a11y.spec.ts:17:5 › accessibility › axe scan: /admin/ (1.1s)

  4 passed (2.4s)
(node:2385) ExperimentalWarning: globSync is an experimental feature and might change at any time
(Use `node --trace-warnings ...` to show where the warning was created)
(node:2405) ExperimentalWarning: globSync is an experimental feature and might change at any time
(Use `node --trace-warnings ...` to show where the warning was created)
(node:2411) ExperimentalWarning: globSync is an experimental feature and might change at any time
(Use `node --trace-warnings ...` to show where the warning was created)
(node:2404) ExperimentalWarning: globSync is an experimental feature and might change at any time
(Use `node --trace-warnings ...` to show where the warning was created)
