
> bbcc-website@0.1.0 prebuild /home/agent/workspace
> cp node_modules/decap-cms/dist/decap-cms.js public/admin/decap-cms.js && cp node_modules/decap-cms/dist/373.decap-cms.js public/admin/373.decap-cms.js && cp node_modules/decap-cms/dist/cms.css public/admin/cms.css


> bbcc-website@0.1.0 build /home/agent/workspace
> astro build

16:55:14 [content] Syncing content
16:55:14 [content] Synced content
16:55:14 [types] Generated 294ms
16:55:14 [build] output: "static"
16:55:14 [build] mode: "static"
16:55:14 [build] directory: /home/agent/workspace/dist/
16:55:14 [build] Collecting build info...
16:55:14 [build] ✓ Completed in 318ms.
16:55:14 [build] Building static entrypoints...
/*! 🌼 daisyUI 5.7.4 */
16:55:15 [vite] ✓ built in 1.02s
16:55:15 [build] ✓ Completed in 1.05s.

 building client (vite) 
16:55:15 [vite] transforming...
16:55:15 [vite] ✓ 1 modules transformed.
16:55:15 [vite] rendering chunks...
16:55:15 [vite] ✓ built in 11ms

 generating static routes 
16:55:16 ▶ src/pages/404.astro
16:55:16   └─ /404.html (+5ms) 
16:55:16 ▶ src/pages/holding.astro
16:55:16   └─ /holding/index.html (+4ms) 
16:55:16 ▶ src/pages/index.astro
16:55:16   └─ /index.html (+6ms) 
16:55:16 ✓ Completed in 29ms.

 generating optimized images 
16:55:16   ▶ /_astro/central-aerial.BHD9Iv6R_2sXca5.webp (reused cache entry) (+3ms) (1/7)
16:55:16   ▶ /_astro/blythswood-square.CS0mgOCt_Z7yyyn.webp (reused cache entry) (+3ms) (2/7)
16:55:16   ▶ /_astro/central-aerial.BHD9Iv6R_Z2j6Y4K.webp (reused cache entry) (+2ms) (3/7)
16:55:16   ▶ /_astro/blythswood-square.CS0mgOCt_Z2bPj8L.webp (reused cache entry) (+2ms) (4/7)
16:55:16   ▶ /_astro/central-aerial.BHD9Iv6R_Z1LfLGz.webp (reused cache entry) (+2ms) (5/7)
16:55:16   ▶ /_astro/blythswood-square.CS0mgOCt_1wDebR.webp (reused cache entry) (+3ms) (6/7)
16:55:16   ▶ /_astro/blythswood-square.CS0mgOCt_1yUJ4c.webp (reused cache entry) (+2ms) (7/7)
16:55:16 ✓ Completed in 10ms.

16:55:16 [@astrojs/sitemap] `sitemap-index.xml` created at `dist`
16:55:16 [build] 3 page(s) built in 1.45s
16:55:16 [build] Complete!
