
> bbcc-website@0.1.0 prebuild /home/agent/workspace
> cp node_modules/decap-cms-app/dist/decap-cms-app.js public/admin/decap-cms.js


> bbcc-website@0.1.0 build /home/agent/workspace
> astro build

11:03:59 [content] Syncing content
11:03:59 [content] Synced content
11:03:59 [types] Generated 380ms
11:03:59 [build] output: "static"
11:03:59 [build] mode: "static"
11:03:59 [build] directory: /home/agent/workspace/dist/
11:03:59 [build] Collecting build info...
11:03:59 [build] ✓ Completed in 422ms.
11:03:59 [build] Building static entrypoints...
/*! 🌼 daisyUI 5.7.4 */
11:04:01 [vite] ✓ built in 1.31s
11:04:01 [build] ✓ Completed in 1.35s.

 building client (vite) 
11:04:01 [vite] transforming...
11:04:01 [vite] ✓ 1 modules transformed.
11:04:01 [vite] rendering chunks...
11:04:01 [vite] ✓ built in 14ms

 generating static routes 
11:04:01 ▶ src/pages/404.astro
11:04:01   └─ /404.html (+6ms) 
11:04:01 ▶ src/pages/holding.astro
11:04:01   └─ /holding/index.html (+2ms) 
11:04:01 ▶ src/pages/index.astro
11:04:01   └─ /index.html (+13ms) 
11:04:01 ✓ Completed in 38ms.

 generating optimized images 
11:04:01   ▶ /_astro/central-aerial.BHD9Iv6R_2sXca5.webp (reused cache entry) (+3ms) (1/31)
11:04:01   ▶ /_astro/clyde-bridge.CyD78fDv_1CjbP5.webp (reused cache entry) (+3ms) (2/31)
11:04:01   ▶ /_astro/bagpiper.CBVPvC60_Z1o2WfD.webp (reused cache entry) (+4ms) (3/31)
11:04:01   ▶ /_astro/people-make-glasgow.DYe_lCPU_oeIFE.webp (reused cache entry) (+4ms) (4/31)
11:04:01   ▶ /_astro/rainy-street.Bhsb2Xri_1L8HLw.webp (reused cache entry) (+5ms) (5/31)
11:04:01   ▶ /_astro/blythswood-square.CS0mgOCt_Z7yyyn.webp (reused cache entry) (+7ms) (6/31)
11:04:01   ▶ /_astro/central-aerial.BHD9Iv6R_Z2j6Y4K.webp (reused cache entry) (+4ms) (7/31)
11:04:01   ▶ /_astro/clyde-bridge.CyD78fDv_ZUY2Jo.webp (reused cache entry) (+4ms) (8/31)
11:04:01   ▶ /_astro/bagpiper.CBVPvC60_Z2k3vGC.webp (reused cache entry) (+4ms) (9/31)
11:04:01   ▶ /_astro/people-make-glasgow.DYe_lCPU_Z1MD4gS.webp (reused cache entry) (+5ms) (10/31)
11:04:01   ▶ /_astro/rainy-street.Bhsb2Xri_Z2oORt6.webp (reused cache entry) (+5ms) (11/31)
11:04:01   ▶ /_astro/blythswood-square.CS0mgOCt_Z2bPj8L.webp (reused cache entry) (+4ms) (12/31)
11:04:01   ▶ /_astro/central-aerial.BHD9Iv6R_Z1LfLGz.webp (reused cache entry) (+4ms) (13/31)
11:04:01   ▶ /_astro/clyde-bridge.CyD78fDv_Z1sFXgs.webp (reused cache entry) (+4ms) (14/31)
11:04:01   ▶ /_astro/bagpiper.CBVPvC60_ZW8Tkf.webp (reused cache entry) (+5ms) (15/31)
11:04:01   ▶ /_astro/people-make-glasgow.DYe_lCPU_AeXIu.webp (reused cache entry) (+5ms) (16/31)
11:04:01   ▶ /_astro/rainy-street.Bhsb2Xri_Z1mUi3I.webp (reused cache entry) (+6ms) (17/31)
11:04:01   ▶ /_astro/blythswood-square.CS0mgOCt_1wDebR.webp (reused cache entry) (+6ms) (18/31)
11:04:01   ▶ /_astro/central-aerial.BHD9Iv6R_1okUG8.webp (reused cache entry) (+6ms) (19/31)
11:04:01   ▶ /_astro/clyde-bridge.CyD78fDv_1gsYva.webp (reused cache entry) (+6ms) (20/31)
11:04:01   ▶ /_astro/bagpiper.CBVPvC60_Z2cHSn1.webp (reused cache entry) (+6ms) (21/31)
11:04:01   ▶ /_astro/people-make-glasgow.DYe_lCPU_Z1EgdeY.webp (reused cache entry) (+7ms) (22/31)
11:04:01   ▶ /_astro/rainy-street.Bhsb2Xri_ZaGN0C.webp (reused cache entry) (+5ms) (23/31)
11:04:01   ▶ /_astro/blythswood-square.CS0mgOCt_1yUJ4c.webp (reused cache entry) (+5ms) (24/31)
11:04:01   ▶ /_astro/central-aerial.BHD9Iv6R_1IBIG7.webp (reused cache entry) (+5ms) (25/31)
11:04:01   ▶ /_astro/rooftops.CNUpwtnL_Z2uuvNI.webp (reused cache entry) (+3ms) (26/31)
11:04:01   ▶ /_astro/central-aerial.BHD9Iv6R_Z1x6Ie3.webp (reused cache entry) (+2ms) (27/31)
11:04:01   ▶ /_astro/rooftops.CNUpwtnL_493us.webp (reused cache entry) (+2ms) (28/31)
11:04:01   ▶ /_astro/central-aerial.BHD9Iv6R_Z1UCgTe.webp (reused cache entry) (+2ms) (29/31)
11:04:01   ▶ /_astro/rooftops.CNUpwtnL_ZH5nLu.webp (reused cache entry) (+2ms) (30/31)
11:04:01   ▶ /_astro/rooftops.CNUpwtnL_Z2vVDCi.webp (reused cache entry) (+1ms) (31/31)
11:04:01 ✓ Completed in 29ms.

11:04:01 [@astrojs/sitemap] `sitemap-index.xml` created at `dist`
11:04:01 [build] 3 page(s) built in 1.91s
11:04:01 [build] Complete!
