
> bbcc-website@0.1.0 prebuild /home/agent/workspace
> cp node_modules/decap-cms/dist/decap-cms.js public/admin/decap-cms.js && cp node_modules/decap-cms/dist/373.decap-cms.js public/admin/373.decap-cms.js && cp node_modules/decap-cms/dist/cms.css public/admin/cms.css


> bbcc-website@0.1.0 build /home/agent/workspace
> astro build

13:32:12 [content] Syncing content
13:32:12 [content] Synced content
13:32:12 [types] Generated 309ms
13:32:12 [build] output: "static"
13:32:12 [build] mode: "static"
13:32:12 [build] directory: /home/agent/workspace/dist/
13:32:12 [build] Collecting build info...
13:32:12 [build] ✓ Completed in 334ms.
13:32:12 [build] Building static entrypoints...
/*! 🌼 daisyUI 5.7.4 */
13:32:13 [vite] ✓ built in 1.01s
13:32:13 [build] ✓ Completed in 1.05s.

 building client (vite) 
13:32:13 [vite] transforming...
13:32:13 [vite] ✓ 1 modules transformed.
13:32:13 [vite] rendering chunks...
13:32:13 [vite] ✓ built in 12ms

 generating static routes 
13:32:13 ▶ src/pages/404.astro
13:32:13   └─ /404.html (+4ms) 
13:32:13 ▶ src/pages/holding.astro
13:32:13   └─ /holding/index.html (+5ms) 
13:32:13 ▶ src/pages/index.astro
13:32:13   └─ /index.html (+12ms) 
13:32:13 ✓ Completed in 36ms.

 generating optimized images 
13:32:13   ▶ /_astro/central-aerial.BHD9Iv6R_2sXca5.webp (reused cache entry) (+2ms) (1/31)
13:32:13   ▶ /_astro/blythswood-square.CS0mgOCt_Z7yyyn.webp (reused cache entry) (+3ms) (2/31)
13:32:13   ▶ /_astro/rainy-street.Bhsb2Xri_1L8HLw.webp (reused cache entry) (+4ms) (3/31)
13:32:13   ▶ /_astro/clyde-bridge.CyD78fDv_1CjbP5.webp (reused cache entry) (+4ms) (4/31)
13:32:13   ▶ /_astro/bagpiper.CBVPvC60_Z1o2WfD.webp (reused cache entry) (+5ms) (5/31)
13:32:13   ▶ /_astro/people-make-glasgow.DYe_lCPU_oeIFE.webp (reused cache entry) (+5ms) (6/31)
13:32:13   ▶ /_astro/central-aerial.BHD9Iv6R_Z2j6Y4K.webp (reused cache entry) (+4ms) (7/31)
13:32:13   ▶ /_astro/blythswood-square.CS0mgOCt_Z2bPj8L.webp (reused cache entry) (+4ms) (8/31)
13:32:13   ▶ /_astro/rainy-street.Bhsb2Xri_Z2oORt6.webp (reused cache entry) (+4ms) (9/31)
13:32:13   ▶ /_astro/clyde-bridge.CyD78fDv_ZUY2Jo.webp (reused cache entry) (+4ms) (10/31)
13:32:13   ▶ /_astro/bagpiper.CBVPvC60_Z2k3vGC.webp (reused cache entry) (+4ms) (11/31)
13:32:13   ▶ /_astro/people-make-glasgow.DYe_lCPU_Z1MD4gS.webp (reused cache entry) (+4ms) (12/31)
13:32:13   ▶ /_astro/central-aerial.BHD9Iv6R_Z1LfLGz.webp (reused cache entry) (+3ms) (13/31)
13:32:13   ▶ /_astro/blythswood-square.CS0mgOCt_1wDebR.webp (reused cache entry) (+4ms) (14/31)
13:32:13   ▶ /_astro/rainy-street.Bhsb2Xri_Z1mUi3I.webp (reused cache entry) (+4ms) (15/31)
13:32:13   ▶ /_astro/clyde-bridge.CyD78fDv_Z1sFXgs.webp (reused cache entry) (+4ms) (16/31)
13:32:13   ▶ /_astro/bagpiper.CBVPvC60_ZW8Tkf.webp (reused cache entry) (+4ms) (17/31)
13:32:13   ▶ /_astro/people-make-glasgow.DYe_lCPU_AeXIu.webp (reused cache entry) (+3ms) (18/31)
13:32:13   ▶ /_astro/central-aerial.BHD9Iv6R_1okUG8.webp (reused cache entry) (+4ms) (19/31)
13:32:13   ▶ /_astro/blythswood-square.CS0mgOCt_1yUJ4c.webp (reused cache entry) (+4ms) (20/31)
13:32:13   ▶ /_astro/rainy-street.Bhsb2Xri_ZaGN0C.webp (reused cache entry) (+7ms) (21/31)
13:32:13   ▶ /_astro/clyde-bridge.CyD78fDv_1gsYva.webp (reused cache entry) (+7ms) (22/31)
13:32:13   ▶ /_astro/bagpiper.CBVPvC60_Z2cHSn1.webp (reused cache entry) (+7ms) (23/31)
13:32:13   ▶ /_astro/people-make-glasgow.DYe_lCPU_Z1EgdeY.webp (reused cache entry) (+7ms) (24/31)
13:32:13   ▶ /_astro/central-aerial.BHD9Iv6R_1IBIG7.webp (reused cache entry) (+7ms) (25/31)
13:32:13   ▶ /_astro/rooftops.CNUpwtnL_Z2uuvNI.webp (reused cache entry) (+2ms) (26/31)
13:32:13   ▶ /_astro/central-aerial.BHD9Iv6R_Z1x6Ie3.webp (reused cache entry) (+1ms) (27/31)
13:32:13   ▶ /_astro/rooftops.CNUpwtnL_493us.webp (reused cache entry) (+2ms) (28/31)
13:32:13   ▶ /_astro/central-aerial.BHD9Iv6R_Z1UCgTe.webp (reused cache entry) (+2ms) (29/31)
13:32:13   ▶ /_astro/rooftops.CNUpwtnL_ZH5nLu.webp (reused cache entry) (+2ms) (30/31)
13:32:13   ▶ /_astro/rooftops.CNUpwtnL_Z2vVDCi.webp (reused cache entry) (+1ms) (31/31)
13:32:13 ✓ Completed in 26ms.

13:32:13 [@astrojs/sitemap] `sitemap-index.xml` created at `dist`
13:32:13 [build] 3 page(s) built in 1.49s
13:32:13 [build] Complete!
