
> bbcc-website@0.1.0 test:a11y /home/agent/workspace
> playwright test

TAP version 13
# Subtest: Project schema
    # Subtest: should accept a complete project object
    ok 1 - should accept a complete project object
      ---
      duration_ms: 0.87521
      ...
    # Subtest: should reject missing tag
    ok 2 - should reject missing tag
      ---
      duration_ms: 0.573793
      ...
    # Subtest: should reject missing tagColour
    ok 3 - should reject missing tagColour
      ---
      duration_ms: 0.094959
      ...
    # Subtest: should reject missing tagBgColour
    ok 4 - should reject missing tagBgColour
      ---
      duration_ms: 0.206125
      ...
    # Subtest: should reject missing borderColour
    ok 5 - should reject missing borderColour
      ---
      duration_ms: 0.081376
      ...
    # Subtest: should reject missing title
    ok 6 - should reject missing title
      ---
      duration_ms: 0.060958
      ...
    # Subtest: should reject missing summary
    ok 7 - should reject missing summary
      ---
      duration_ms: 0.113084
      ...
    # Subtest: should reject missing details
    ok 8 - should reject missing details
      ---
      duration_ms: 0.11775
      ...
    # Subtest: should reject missing order
    ok 9 - should reject missing order
      ---
      duration_ms: 0.283626
      ...
    # Subtest: should reject non-string title
    ok 10 - should reject non-string title
      ---
      duration_ms: 0.380042
      ...
    # Subtest: should reject non-numeric order
    ok 11 - should reject non-numeric order
      ---
      duration_ms: 0.078791
      ...
    1..11
ok 1 - Project schema
  ---
  duration_ms: 3.502382
  type: 'suite'
  ...
# Subtest: Holding schema
    # Subtest: should accept a complete holding object
    ok 1 - should accept a complete holding object
      ---
      duration_ms: 0.101333
      ...
    # Subtest: should reject missing eyebrow
    ok 2 - should reject missing eyebrow
      ---
      duration_ms: 0.072667
      ...
    # Subtest: should reject missing heading
    ok 3 - should reject missing heading
      ---
      duration_ms: 0.056375
      ...
    # Subtest: should reject missing body
    ok 4 - should reject missing body
      ---
      duration_ms: 0.046417
      ...
    # Subtest: should reject missing ctaLabel
    ok 5 - should reject missing ctaLabel
      ---
      duration_ms: 0.045292
      ...
    # Subtest: should reject non-string eyebrow
    ok 6 - should reject non-string eyebrow
      ---
      duration_ms: 0.065292
      ...
    # Subtest: should reject non-string heading
    ok 7 - should reject non-string heading
      ---
      duration_ms: 0.042459
      ...
    # Subtest: should accept heading with embedded <br /> tag
    ok 8 - should accept heading with embedded <br /> tag
      ---
      duration_ms: 0.039792
      ...
    1..8
ok 2 - Holding schema
  ---
  duration_ms: 0.581834
  type: 'suite'
  ...
# Subtest: Site schema
    # Subtest: should accept a complete site object
    ok 1 - should accept a complete site object
      ---
      duration_ms: 0.346585
      ...
    # Subtest: should accept site object with optional animation fields
    ok 2 - should accept site object with optional animation fields
      ---
      duration_ms: 0.125166
      ...
    # Subtest: should reject missing stats
    ok 3 - should reject missing stats
      ---
      duration_ms: 0.051292
      ...
    # Subtest: should reject missing boundaryDescription
    ok 4 - should reject missing boundaryDescription
      ---
      duration_ms: 0.055666
      ...
    # Subtest: should reject missing contactEmail
    ok 5 - should reject missing contactEmail
      ---
      duration_ms: 0.060125
      ...
    # Subtest: should reject invalid email format
    ok 6 - should reject invalid email format
      ---
      duration_ms: 0.089083
      ...
    # Subtest: should reject non-array stats
    ok 7 - should reject non-array stats
      ---
      duration_ms: 0.049959
      ...
    # Subtest: should reject stat object missing value
    ok 8 - should reject stat object missing value
      ---
      duration_ms: 0.104708
      ...
    # Subtest: should reject stat object missing label
    ok 9 - should reject stat object missing label
      ---
      duration_ms: 0.055292
      ...
    # Subtest: should reject stat object missing desc
    ok 10 - should reject stat object missing desc
      ---
      duration_ms: 0.110083
      ...
    1..10
ok 3 - Site schema
  ---
  duration_ms: 1.173503
  type: 'suite'
  ...
# Subtest: Decap CMS vendor setup
    # Subtest: should have a public/admin/ directory
    ok 1 - should have a public/admin/ directory
      ---
      duration_ms: 0.237959
      ...
    # Subtest: should have public/admin/index.html
    ok 2 - should have public/admin/index.html
      ---
      duration_ms: 0.11275
      ...
    # Subtest: should not reference any external CDN URLs in index.html
    ok 3 - should not reference any external CDN URLs in index.html
      ---
      duration_ms: 0.267
      ...
    # Subtest: should load decap-cms.js from a relative path using ./decap-cms.js
    ok 4 - should load decap-cms.js from a relative path using ./decap-cms.js
      ---
      duration_ms: 0.212834
      ...
    # Subtest: should have decap-cms as a dependency in package.json
    ok 5 - should have decap-cms as a dependency in package.json
      ---
      duration_ms: 0.221001
      ...
    # Subtest: should pin decap-cms at version 3.11.0
    ok 6 - should pin decap-cms at version 3.11.0
      ---
      duration_ms: 0.22875
      ...
    # Subtest: should have a prebuild script in package.json that vendors three decap-cms files
    ok 7 - should have a prebuild script in package.json that vendors three decap-cms files
      ---
      duration_ms: 0.219792
      ...
    # Subtest: should have all three generated files listed in .gitignore
    ok 8 - should have all three generated files listed in .gitignore
      ---
      duration_ms: 0.269292
      ...
    1..8
ok 4 - Decap CMS vendor setup
  ---
  duration_ms: 1.896129
  type: 'suite'
  ...
# Subtest: Decap CMS config.yml
    # Subtest: should have a public/admin/config.yml file
    ok 1 - should have a public/admin/config.yml file
      ---
      duration_ms: 0.149125
      ...
    # Subtest: should use git-gateway backend
    ok 2 - should use git-gateway backend
      ---
      duration_ms: 0.423167
      ...
    # Subtest: should set repo to bbcc-glasgow/website
    ok 3 - should set repo to bbcc-glasgow/website
      ---
      duration_ms: 0.336042
      ...
    # Subtest: should set branch to main
    ok 4 - should set branch to main
      ---
      duration_ms: 0.221292
      ...
    # Subtest: should set auth_type to pkce
    ok 5 - should set auth_type to pkce
      ---
      duration_ms: 0.212626
      ...
    # Subtest: should set base_url to https://auth.decapbridge.com
    ok 6 - should set base_url to https://auth.decapbridge.com
      ---
      duration_ms: 0.251292
      ...
    # Subtest: should set auth_endpoint with the DecapBridge site ID
    ok 7 - should set auth_endpoint with the DecapBridge site ID
      ---
      duration_ms: 1.662254
      ...
    # Subtest: should set auth_token_endpoint with the DecapBridge site ID
    ok 8 - should set auth_token_endpoint with the DecapBridge site ID
      ---
      duration_ms: 0.207208
      ...
    # Subtest: should set gateway_url to https://gateway.decapbridge.com
    ok 9 - should set gateway_url to https://gateway.decapbridge.com
      ---
      duration_ms: 0.203042
      ...
    # Subtest: should not contain PLACEHOLDER_SITE_ID (site is already registered)
    ok 10 - should not contain PLACEHOLDER_SITE_ID (site is already registered)
      ---
      duration_ms: 0.181709
      ...
    # Subtest: should include commit_messages section in backend
    ok 11 - should include commit_messages section in backend
      ---
      duration_ms: 0.188459
      ...
    # Subtest: should have an auth section
    ok 12 - should have an auth section
      ---
      duration_ms: 0.232376
      ...
    # Subtest: should set email_claim in auth section
    ok 13 - should set email_claim in auth section
      ---
      duration_ms: 0.210709
      ...
    # Subtest: should set first_name_claim in auth section
    ok 14 - should set first_name_claim in auth section
      ---
      duration_ms: 0.199875
      ...
    # Subtest: should set last_name_claim in auth section
    ok 15 - should set last_name_claim in auth section
      ---
      duration_ms: 0.192376
      ...
    # Subtest: should set avatar_url_claim in auth section
    ok 16 - should set avatar_url_claim in auth section
      ---
      duration_ms: 0.197918
      ...
    # Subtest: should set logo_url to the DecapBridge logo
    ok 17 - should set logo_url to the DecapBridge logo
      ---
      duration_ms: 0.219376
      ...
    # Subtest: should set site_url to https://bbcc.scot
    ok 18 - should set site_url to https://bbcc.scot
      ---
      duration_ms: 0.204501
      ...
    # Subtest: should set publish_mode to editorial_workflow
    ok 19 - should set publish_mode to editorial_workflow
      ---
      duration_ms: 0.192751
      ...
    # Subtest: should set media_folder to public/images
    ok 20 - should set media_folder to public/images
      ---
      duration_ms: 0.257542
      ...
    # Subtest: should set public_folder to /images
    ok 21 - should set public_folder to /images
      ---
      duration_ms: 0.241751
      ...
    # Subtest: should have a projects collection with folder at src/content/projects
    ok 22 - should have a projects collection with folder at src/content/projects
      ---
      duration_ms: 0.417751
      ...
    # Subtest: should have a projects collection with fields matching the \#4 schema
    ok 23 - should have a projects collection with fields matching the \#4 schema
      ---
      duration_ms: 0.377126
      ...
    # Subtest: should have a site collection with file at src/content/site/index.json
    ok 24 - should have a site collection with file at src/content/site/index.json
      ---
      duration_ms: 0.232626
      ...
    # Subtest: should have a site collection with fields matching the \#4 schema
    ok 25 - should have a site collection with fields matching the \#4 schema
      ---
      duration_ms: 0.411167
      ...
    1..25
ok 5 - Decap CMS config.yml
  ---
  duration_ms: 7.909308
  type: 'suite'
  ...
# Subtest: deploy workflow — continuous deploy on push to main
    # Subtest: should exist at .github/workflows/deploy.yml
    ok 1 - should exist at .github/workflows/deploy.yml
      ---
      duration_ms: 0.276334
      ...
    # Subtest: should trigger on push to main
    ok 2 - should trigger on push to main
      ---
      duration_ms: 0.366418
      ...
    # Subtest: should keep workflow_dispatch as a manual redeploy path
    ok 3 - should keep workflow_dispatch as a manual redeploy path
      ---
      duration_ms: 0.23075
      ...
    # Subtest: should NOT trigger on v* tags
    ok 4 - should NOT trigger on v* tags
      ---
      duration_ms: 0.244625
      ...
    # Subtest: should define a concurrency group so back-to-back merges cannot race
    ok 5 - should define a concurrency group so back-to-back merges cannot race
      ---
      duration_ms: 0.229626
      ...
    # Subtest: should describe continuous deploy (deploy on merge) in its comment
    ok 6 - should describe continuous deploy (deploy on merge) in its comment
      ---
      duration_ms: 0.323751
      ...
    1..6
ok 6 - deploy workflow — continuous deploy on push to main
  ---
  duration_ms: 1.785962
  type: 'suite'
  ...
# Subtest: README release boundary
    # Subtest: should describe continuous deploy (every push to main deploys)
    ok 1 - should describe continuous deploy (every push to main deploys)
      ---
      duration_ms: 0.312126
      ...
    # Subtest: should describe manual dispatch as a redeploy fallback
    ok 2 - should describe manual dispatch as a redeploy fallback
      ---
      duration_ms: 0.256793
      ...
    # Subtest: should have no remaining text claiming merges do not publish
    ok 3 - should have no remaining text claiming merges do not publish
      ---
      duration_ms: 0.346751
      ...
    1..3
ok 7 - README release boundary
  ---
  duration_ms: 0.960085
  type: 'suite'
  ...
# Subtest: per-PR preview deploys remain unchanged
    # Subtest: preview.yml should still trigger on pull_request against main
    ok 1 - preview.yml should still trigger on pull_request against main
      ---
      duration_ms: 0.264418
      ...
    # Subtest: preview.yml should still use wrangler versions upload, never deploy
    ok 2 - preview.yml should still use wrangler versions upload, never deploy
      ---
      duration_ms: 0.223751
      ...
    1..2
ok 8 - per-PR preview deploys remain unchanged
  ---
  duration_ms: 0.523626
  type: 'suite'
  ...
# Subtest: Gallery section removed from homepage (\#41)
    # Subtest: should not render a \#gallery section
    ok 1 - should not render a \#gallery section
      ---
      duration_ms: 0.371375
      ...
    # Subtest: should flow directly from the projects section to the JAG section
    ok 2 - should flow directly from the projects section to the JAG section
      ---
      duration_ms: 0.304751
      ...
    # Subtest: should no longer import the gallery-only images in index.astro
    ok 3 - should no longer import the gallery-only images in index.astro
      ---
      duration_ms: 0.358251
      ...
    # Subtest: should delete gallery-only image assets but keep shared ones
    ok 4 - should delete gallery-only image assets but keep shared ones
      ---
      duration_ms: 0.536126
      ...
    # Subtest: should leave no unused gallery-specific CSS in global.css
    ok 5 - should leave no unused gallery-specific CSS in global.css
      ---
      duration_ms: 0.370168
      ...
    1..5
ok 9 - Gallery section removed from homepage (\#41)
  ---
  duration_ms: 2.018754
  type: 'suite'
  ...
# Subtest: .gitignore sandcastle configuration
    # Subtest: should list .sandcastle/ in .gitignore
    ok 1 - should list .sandcastle/ in .gitignore
      ---
      duration_ms: 0.271709
      ...
    # Subtest: should have no tracked files under .sandcastle/
    not ok 2 - should have no tracked files under .sandcastle/
      ---
      duration_ms: 6.553014
      location: '/home/agent/workspace/tests/gitignore.test.ts:16:3'
      failureType: 'testCodeFailure'
      error: |-
        Expected values to be strictly equal:
        + actual - expected
        
        + '.sandcastle/round-logs/round-1-a11y.log\n' +
        +   '.sandcastle/round-logs/round-1-build.log\n' +
        +   '.sandcastle/round-logs/round-1-lighthouse.log\n' +
        +   '.sandcastle/round-logs/round-1-links.log'
        - ''
        
      code: 'ERR_ASSERTION'
      name: 'AssertionError'
      expected: ''
      actual: |-
        .sandcastle/round-logs/round-1-a11y.log
        .sandcastle/round-logs/round-1-build.log
        .sandcastle/round-logs/round-1-lighthouse.log
        .sandcastle/round-logs/round-1-links.log
      operator: 'strictEqual'
      stack: |-
        TestContext.<anonymous> (file:///home/agent/workspace/tests/gitignore.test.ts:29:12)
        Test.runInAsyncScope (node:async_hooks:211:14)
        Test.run (node:internal/test_runner/test:934:25)
        Suite.processPendingSubtests (node:internal/test_runner/test:633:18)
        Test.postRun (node:internal/test_runner/test:1045:19)
        Test.run (node:internal/test_runner/test:973:12)
        async Promise.all (index 0)
        Suite.run (node:internal/test_runner/test:1320:7)
        startSubtestAfterBootstrap (node:internal/test_runner/harness:296:3)
      ...
    # Subtest: should keep .sandcastle/round-logs/ files on disk
    ok 3 - should keep .sandcastle/round-logs/ files on disk
      ---
      duration_ms: 0.156292
      ...
    1..3
not ok 10 - .gitignore sandcastle configuration
  ---
  duration_ms: 7.068139
  type: 'suite'
  location: '/home/agent/workspace/tests/gitignore.test.ts:8:1'
  failureType: 'subtestsFailed'
  error: '1 subtest failed'
  code: 'ERR_TEST_FAILURE'
  ...
# Subtest: preview.yml — PR preview workflow
    # Subtest: should trigger on pull_request opened and synchronize
    ok 1 - should trigger on pull_request opened and synchronize
      ---
      duration_ms: 0.065459
      ...
    # Subtest: should also trigger on pull_request closed
    ok 2 - should also trigger on pull_request closed
      ---
      duration_ms: 0.022542
      ...
    # Subtest: should grant pull-requests: write permission
    ok 3 - should grant pull-requests: write permission
      ---
      duration_ms: 0.019875
      ...
    # Subtest: should build the site
    ok 4 - should build the site
      ---
      duration_ms: 0.018583
      ...
    # Subtest: should use wrangler versions upload, never wrangler deploy
    ok 5 - should use wrangler versions upload, never wrangler deploy
      ---
      duration_ms: 0.02625
      ...
    # Subtest: should override SITE_MODE to live for the preview version
    ok 6 - should override SITE_MODE to live for the preview version
      ---
      duration_ms: 0.022042
      ...
    # Subtest: should read preview URL from wrangler output, not the Cloudflare API
    ok 7 - should read preview URL from wrangler output, not the Cloudflare API
      ---
      duration_ms: 0.03525
      ...
    # Subtest: should post or update a PR comment with the preview URL
    ok 8 - should post or update a PR comment with the preview URL
      ---
      duration_ms: 0.0225
      ...
    # Subtest: should pass the comment body via gh's -F field with =@file syntax, not the broken key@file form
    ok 9 - should pass the comment body via gh's -F field with =@file syntax, not the broken key@file form
      ---
      duration_ms: 0.029084
      ...
    # Subtest: should use the existing CLOUDFLARE_API_TOKEN secret
    ok 10 - should use the existing CLOUDFLARE_API_TOKEN secret
      ---
      duration_ms: 0.021251
      ...
    # Subtest: should use the existing CLOUDFLARE_ACCOUNT_ID variable
    ok 11 - should use the existing CLOUDFLARE_ACCOUNT_ID variable
      ---
      duration_ms: 0.016833
      ...
    # Subtest: should mark the comment stale on PR close
    ok 12 - should mark the comment stale on PR close
      ---
      duration_ms: 0.027667
      ...
    1..12
ok 11 - preview.yml — PR preview workflow
  ---
  duration_ms: 0.436876
  type: 'suite'
  ...
# Subtest: wrangler.jsonc — preview URL configuration
    # Subtest: should have preview_urls set to true
    ok 1 - should have preview_urls set to true
      ---
      duration_ms: 0.048208
      ...
    1..1
ok 12 - wrangler.jsonc — preview URL configuration
  ---
  duration_ms: 0.068875
  type: 'suite'
  ...
# Subtest: preview URL extraction
    # Subtest: extracts the preview URL from wrangler output with preview_urls: true
    ok 1 - extracts the preview URL from wrangler output with preview_urls: true
      ---
      duration_ms: 0.077501
      ...
    # Subtest: returns null when wrangler output has no preview URL (no workers.dev subdomain)
    ok 2 - returns null when wrangler output has no preview URL (no workers.dev subdomain)
      ---
      duration_ms: 0.050291
      ...
    # Subtest: returns null on empty output
    ok 3 - returns null on empty output
      ---
      duration_ms: 0.035042
      ...
    # Subtest: extracts URL even when other https URLs are present in output
    ok 4 - extracts URL even when other https URLs are present in output
      ---
      duration_ms: 0.027666
      ...
    1..4
ok 13 - preview URL extraction
  ---
  duration_ms: 0.24725
  type: 'suite'
  ...
# Subtest: public/admin/index.html - robots meta tag
    # Subtest: should contain a noindex robots meta tag in the head
    ok 1 - should contain a noindex robots meta tag in the head
      ---
      duration_ms: 0.301834
      ...
    # Subtest: should not contain a standalone 'index' value in the robots meta tag
    ok 2 - should not contain a standalone 'index' value in the robots meta tag
      ---
      duration_ms: 0.2715
      ...
    1..2
ok 14 - public/admin/index.html - robots meta tag
  ---
  duration_ms: 0.613043
  type: 'suite'
  ...
# Subtest: Sitemap - /admin exclusion
    # Subtest: sitemap-index.xml should exist after build
    ok 1 - sitemap-index.xml should exist after build
      ---
      duration_ms: 0.043583
      ...
    # Subtest: sitemap-0.xml should exist after build
    ok 2 - sitemap-0.xml should exist after build
      ---
      duration_ms: 0.02925
      ...
    # Subtest: should list no URL starting with /admin in sitemap-0.xml
    ok 3 - should list no URL starting with /admin in sitemap-0.xml
      ---
      duration_ms: 0.236667
      ...
    # Subtest: should list no URL starting with /admin in sitemap-index.xml
    ok 4 - should list no URL starting with /admin in sitemap-index.xml
      ---
      duration_ms: 0.246918
      ...
    1..4
ok 15 - Sitemap - /admin exclusion
  ---
  duration_ms: 0.612876
  type: 'suite'
  ...
# Subtest: preview deploy workflow
    # Subtest: should exist at .github/workflows/preview.yml
    ok 1 - should exist at .github/workflows/preview.yml
      ---
      duration_ms: 0.070501
      ...
    # Subtest: should trigger on pull_request against main
    ok 2 - should trigger on pull_request against main
      ---
      duration_ms: 0.258042
      ...
    # Subtest: should NOT use wrangler deploy (preserve the release boundary)
    ok 3 - should NOT use wrangler deploy (preserve the release boundary)
      ---
      duration_ms: 0.270043
      ...
    # Subtest: should use wrangler versions upload (or equivalent non-deploy command)
    ok 4 - should use wrangler versions upload (or equivalent non-deploy command)
      ---
      duration_ms: 0.232167
      ...
    # Subtest: should override SITE_MODE to live for preview versions
    ok 5 - should override SITE_MODE to live for preview versions
      ---
      duration_ms: 0.198626
      ...
    # Subtest: should post a PR comment with the preview URL
    ok 6 - should post a PR comment with the preview URL
      ---
      duration_ms: 0.23875
      ...
    # Subtest: should use the existing CLOUDFLARE_API_TOKEN secret
    ok 7 - should use the existing CLOUDFLARE_API_TOKEN secret
      ---
      duration_ms: 0.209001
      ...
    # Subtest: should use the existing CLOUDFLARE_ACCOUNT_ID variable
    ok 8 - should use the existing CLOUDFLARE_ACCOUNT_ID variable
      ---
      duration_ms: 0.193042
      ...
    # Subtest: should not modify the committed wrangler.jsonc config
    ok 9 - should not modify the committed wrangler.jsonc config
      ---
      duration_ms: 0.235542
      ...
    # Subtest: should update the PR comment in-place on subsequent pushes
    ok 10 - should update the PR comment in-place on subsequent pushes
      ---
      duration_ms: 0.199167
      ...
    # Subtest: should not duplicate the gate/ci pipeline (additive workflow)
    ok 11 - should not duplicate the gate/ci pipeline (additive workflow)
      ---
      duration_ms: 0.185167
      ...
    # Subtest: should NOT query the Cloudflare API for subdomain (use wrangler's own output)
    ok 12 - should NOT query the Cloudflare API for subdomain (use wrangler's own output)
      ---
      duration_ms: 0.190792
      ...
    # Subtest: should have a stale-comment job that runs on PR close
    ok 13 - should have a stale-comment job that runs on PR close
      ---
      duration_ms: 0.1865
      ...
    # Subtest: should update the existing comment body to mark it stale on PR close
    ok 14 - should update the existing comment body to mark it stale on PR close
      ---
      duration_ms: 0.19175
      ...
    1..14
ok 16 - preview deploy workflow
  ---
  duration_ms: 3.037757
  type: 'suite'
  ...

Running 4 tests using 3 workers

  ✓  1 a11y.spec.ts:13:3 › accessibility › dist contains at least one page (5ms)
  ✓  3 a11y.spec.ts:18:5 › accessibility › axe scan: /holding/ (432ms)
  ✓  2 a11y.spec.ts:18:5 › accessibility › axe scan: / (664ms)
  ✓  4 a11y.spec.ts:18:5 › accessibility › axe scan: /admin/ (1.1s)

  4 passed (4.0s)
(node:9025) ExperimentalWarning: globSync is an experimental feature and might change at any time
(Use `node --trace-warnings ...` to show where the warning was created)
(node:9076) ExperimentalWarning: globSync is an experimental feature and might change at any time
(Use `node --trace-warnings ...` to show where the warning was created)
(node:9082) ExperimentalWarning: globSync is an experimental feature and might change at any time
(Use `node --trace-warnings ...` to show where the warning was created)
(node:9083) ExperimentalWarning: globSync is an experimental feature and might change at any time
(Use `node --trace-warnings ...` to show where the warning was created)
